     1 00000000                                 [FORMAT "WCOFF"]
     2 00000000                                 [INSTRSET "i486p"]
     3 00000000                                 [OPTIMIZE 1]
     4 00000000                                 [OPTION 1]
     5 00000000                                 [BITS 32]
     6 00000000                                 	EXTERN	_task_now
     7 00000000                                 	EXTERN	_memman_alloc_4k
     8 00000000                                 	EXTERN	_fifo32_init
     9 00000000                                 	EXTERN	_timer_alloc
    10 00000000                                 	EXTERN	_timer_init
    11 00000000                                 	EXTERN	_timer_settime
    12 00000000                                 	EXTERN	_file_readfat
    13 00000000                                 	EXTERN	_io_cli
    14 00000000                                 	EXTERN	_fifo32_status
    15 00000000                                 	EXTERN	_fifo32_get
    16 00000000                                 	EXTERN	_io_sti
    17 00000000                                 	EXTERN	_boxfill8
    18 00000000                                 	EXTERN	_sheet_refresh
    19 00000000                                 	EXTERN	_task_sleep
    20 00000000                                 	EXTERN	_putfonts8_asc_sht
    21 00000000                                 	EXTERN	_sprintf
    22 00000000                                 	EXTERN	_memman_total
    23 00000000                                 	EXTERN	_file_search
    24 00000000                                 	EXTERN	_file_loadfile
    25 00000000                                 	EXTERN	_memman_free_4k
    26 00000000                                 	EXTERN	_set_segmdesc
    27 00000000                                 	EXTERN	_farcall
    28 00000000                                 [FILE "console.c"]
    29                                          [SECTION .text]
    30 00000000                                 	GLOBAL	_console_task
    31 00000000                                 _console_task:
    32 00000000 55                              	PUSH	EBP
    33 00000001 89 E5                           	MOV	EBP,ESP
    34 00000003 57                              	PUSH	EDI
    35 00000004 56                              	PUSH	ESI
    36 00000005 53                              	PUSH	EBX
    37 00000006 8D 9D FFFFFDE4                  	LEA	EBX,DWORD [-540+EBP]
    38 0000000C 81 EC 0000023C                  	SUB	ESP,572
    39 00000012 E8 [00000000]                   	CALL	_task_now
    40 00000017 68 00002D00                     	PUSH	11520
    41 0000001C 68 003C0000                     	PUSH	3932160
    42 00000021 89 85 FFFFFDC0                  	MOV	DWORD [-576+EBP],EAX
    43 00000027 E8 [00000000]                   	CALL	_memman_alloc_4k
    44 0000002C 8B B5 FFFFFDC0                  	MOV	ESI,DWORD [-576+EBP]
    45 00000032 C7 85 FFFFFDE8 00000008         	MOV	DWORD [-536+EBP],8
    46 0000003C 89 85 FFFFFDBC                  	MOV	DWORD [-580+EBP],EAX
    47 00000042 83 C6 10                        	ADD	ESI,16
    48 00000045 8B 45 08                        	MOV	EAX,DWORD [8+EBP]
    49 00000048 89 85 FFFFFDE4                  	MOV	DWORD [-540+EBP],EAX
    50 0000004E 8D 85 FFFFFDF4                  	LEA	EAX,DWORD [-524+EBP]
    51 00000054 C7 85 FFFFFDEC 0000001C         	MOV	DWORD [-532+EBP],28
    52 0000005E C7 85 FFFFFDF0 FFFFFFFF         	MOV	DWORD [-528+EBP],-1
    53 00000068 89 1D 00000FEC                  	MOV	DWORD [4076],EBX
    54 0000006E FF B5 FFFFFDC0                  	PUSH	DWORD [-576+EBP]
    55 00000074 50                              	PUSH	EAX
    56 00000075 68 00000080                     	PUSH	128
    57 0000007A 56                              	PUSH	ESI
    58 0000007B E8 [00000000]                   	CALL	_fifo32_init
    59 00000080 E8 [00000000]                   	CALL	_timer_alloc
    60 00000085 6A 01                           	PUSH	1
    61 00000087 56                              	PUSH	ESI
    62 00000088 89 C7                           	MOV	EDI,EAX
    63 0000008A 50                              	PUSH	EAX
    64 0000008B E8 [00000000]                   	CALL	_timer_init
    65 00000090 83 C4 24                        	ADD	ESP,36
    66 00000093 6A 32                           	PUSH	50
    67 00000095 57                              	PUSH	EDI
    68 00000096 E8 [00000000]                   	CALL	_timer_settime
    69 0000009B 68 00100200                     	PUSH	1049088
    70 000000A0 FF B5 FFFFFDBC                  	PUSH	DWORD [-580+EBP]
    71 000000A6 E8 [00000000]                   	CALL	_file_readfat
    72 000000AB 6A 01                           	PUSH	1
    73 000000AD 6A 3E                           	PUSH	62
    74 000000AF 53                              	PUSH	EBX
    75 000000B0 E8 00000237                     	CALL	_cons_putchar
    76 000000B5 83 C4 1C                        	ADD	ESP,28
    77 000000B8                                 L2:
    78 000000B8 E8 [00000000]                   	CALL	_io_cli
    79 000000BD 8B 9D FFFFFDC0                  	MOV	EBX,DWORD [-576+EBP]
    80 000000C3 83 C3 10                        	ADD	EBX,16
    81 000000C6 53                              	PUSH	EBX
    82 000000C7 E8 [00000000]                   	CALL	_fifo32_status
    83 000000CC 5E                              	POP	ESI
    84 000000CD 85 C0                           	TEST	EAX,EAX
    85 000000CF 0F 84 00000201                  	JE	L24
    86 000000D5 53                              	PUSH	EBX
    87 000000D6 E8 [00000000]                   	CALL	_fifo32_get
    88 000000DB 89 C6                           	MOV	ESI,EAX
    89 000000DD E8 [00000000]                   	CALL	_io_sti
    90 000000E2 59                              	POP	ECX
    91 000000E3 83 FE 01                        	CMP	ESI,1
    92 000000E6 0F 8E 00000197                  	JLE	L25
    93 000000EC                                 L7:
    94 000000EC 83 FE 02                        	CMP	ESI,2
    95 000000EF 0F 84 0000017F                  	JE	L26
    96 000000F5                                 L12:
    97 000000F5 83 FE 03                        	CMP	ESI,3
    98 000000F8 0F 84 0000013F                  	JE	L27
    99 000000FE                                 L13:
   100 000000FE 8D 9E FFFFFF00                  	LEA	EBX,DWORD [-256+ESI]
   101 00000104 89 9D FFFFFDB8                  	MOV	DWORD [-584+EBP],EBX
   102 0000010A 81 FB 000000FF                  	CMP	EBX,255
   103 00000110 77 54                           	JA	L14
   104 00000112 81 FE 00000108                  	CMP	ESI,264
   105 00000118 0F 84 000000F6                  	JE	L28
   106 0000011E 81 FE 0000010A                  	CMP	ESI,266
   107 00000124 0F 84 00000099                  	JE	L29
   108 0000012A 8B 8D FFFFFDE8                  	MOV	ECX,DWORD [-536+EBP]
   109 00000130 81 F9 000000EF                  	CMP	ECX,239
   110 00000136 7F 2E                           	JG	L14
   111 00000138 89 C8                           	MOV	EAX,ECX
   112 0000013A BA 00000008                     	MOV	EDX,8
   113 0000013F 89 D3                           	MOV	EBX,EDX
   114 00000141 6A 01                           	PUSH	1
   115 00000143 99                              	CDQ
   116 00000144 F7 FB                           	IDIV	EBX
   117 00000146 89 C1                           	MOV	ECX,EAX
   118 00000148 89 F0                           	MOV	EAX,ESI
   119 0000014A 88 84 0D FFFFFDC2               	MOV	BYTE [-574+EBP+ECX*1],AL
   120 00000151 8D 85 FFFFFDE4                  	LEA	EAX,DWORD [-540+EBP]
   121 00000157 FF B5 FFFFFDB8                  	PUSH	DWORD [-584+EBP]
   122 0000015D 50                              	PUSH	EAX
   123 0000015E                                 L22:
   124 0000015E E8 00000189                     	CALL	_cons_putchar
   125 00000163                                 L23:
   126 00000163 83 C4 0C                        	ADD	ESP,12
   127 00000166                                 L14:
   128 00000166 83 BD FFFFFDF0 00               	CMP	DWORD [-528+EBP],0
   129 0000016D 78 2E                           	JS	L21
   130 0000016F 8B 8D FFFFFDEC                  	MOV	ECX,DWORD [-532+EBP]
   131 00000175 8B 95 FFFFFDE8                  	MOV	EDX,DWORD [-536+EBP]
   132 0000017B 8D 41 0F                        	LEA	EAX,DWORD [15+ECX]
   133 0000017E 50                              	PUSH	EAX
   134 0000017F 8D 42 07                        	LEA	EAX,DWORD [7+EDX]
   135 00000182 50                              	PUSH	EAX
   136 00000183 51                              	PUSH	ECX
   137 00000184 8B 4D 08                        	MOV	ECX,DWORD [8+EBP]
   138 00000187 52                              	PUSH	EDX
   139 00000188 0F B6 85 FFFFFDF0               	MOVZX	EAX,BYTE [-528+EBP]
   140 0000018F 50                              	PUSH	EAX
   141 00000190 FF 71 04                        	PUSH	DWORD [4+ECX]
   142 00000193 FF 31                           	PUSH	DWORD [ECX]
   143 00000195 E8 [00000000]                   	CALL	_boxfill8
   144 0000019A 83 C4 1C                        	ADD	ESP,28
   145 0000019D                                 L21:
   146 0000019D 8B 8D FFFFFDEC                  	MOV	ECX,DWORD [-532+EBP]
   147 000001A3 8B 95 FFFFFDE8                  	MOV	EDX,DWORD [-536+EBP]
   148 000001A9 8D 41 10                        	LEA	EAX,DWORD [16+ECX]
   149 000001AC 50                              	PUSH	EAX
   150 000001AD 8D 42 08                        	LEA	EAX,DWORD [8+EDX]
   151 000001B0 50                              	PUSH	EAX
   152 000001B1 51                              	PUSH	ECX
   153 000001B2 52                              	PUSH	EDX
   154 000001B3 FF 75 08                        	PUSH	DWORD [8+EBP]
   155 000001B6 E8 [00000000]                   	CALL	_sheet_refresh
   156 000001BB 83 C4 14                        	ADD	ESP,20
   157 000001BE E9 FFFFFEF5                     	JMP	L2
   158 000001C3                                 L29:
   159 000001C3 6A 00                           	PUSH	0
   160 000001C5 8D 9D FFFFFDE4                  	LEA	EBX,DWORD [-540+EBP]
   161 000001CB 6A 20                           	PUSH	32
   162 000001CD 53                              	PUSH	EBX
   163 000001CE E8 00000119                     	CALL	_cons_putchar
   164 000001D3 53                              	PUSH	EBX
   165 000001D4 8B 85 FFFFFDE8                  	MOV	EAX,DWORD [-536+EBP]
   166 000001DA BA 00000008                     	MOV	EDX,8
   167 000001DF 89 D1                           	MOV	ECX,EDX
   168 000001E1 99                              	CDQ
   169 000001E2 F7 F9                           	IDIV	ECX
   170 000001E4 C6 84 05 FFFFFDC2 00            	MOV	BYTE [-574+EBP+EAX*1],0
   171 000001EC E8 0000019E                     	CALL	_cons_newline
   172 000001F1 8D 85 FFFFFDC4                  	LEA	EAX,DWORD [-572+EBP]
   173 000001F7 FF 75 0C                        	PUSH	DWORD [12+EBP]
   174 000001FA FF B5 FFFFFDBC                  	PUSH	DWORD [-580+EBP]
   175 00000200 53                              	PUSH	EBX
   176 00000201 50                              	PUSH	EAX
   177 00000202 E8 00000243                     	CALL	_cons_runcmd
   178 00000207 83 C4 20                        	ADD	ESP,32
   179 0000020A 6A 01                           	PUSH	1
   180 0000020C 6A 3E                           	PUSH	62
   181 0000020E 53                              	PUSH	EBX
   182 0000020F E9 FFFFFF4A                     	JMP	L22
   183 00000214                                 L28:
   184 00000214 83 BD FFFFFDE8 10               	CMP	DWORD [-536+EBP],16
   185 0000021B 0F 8E FFFFFF45                  	JLE	L14
   186 00000221 6A 00                           	PUSH	0
   187 00000223 8D 85 FFFFFDE4                  	LEA	EAX,DWORD [-540+EBP]
   188 00000229 6A 20                           	PUSH	32
   189 0000022B 50                              	PUSH	EAX
   190 0000022C E8 000000BB                     	CALL	_cons_putchar
   191 00000231 83 AD FFFFFDE8 08               	SUB	DWORD [-536+EBP],8
   192 00000238 E9 FFFFFF26                     	JMP	L23
   193 0000023D                                 L27:
   194 0000023D 8B 8D FFFFFDEC                  	MOV	ECX,DWORD [-532+EBP]
   195 00000243 8B 95 FFFFFDE8                  	MOV	EDX,DWORD [-536+EBP]
   196 00000249 8D 41 0F                        	LEA	EAX,DWORD [15+ECX]
   197 0000024C 50                              	PUSH	EAX
   198 0000024D 8D 42 07                        	LEA	EAX,DWORD [7+EDX]
   199 00000250 50                              	PUSH	EAX
   200 00000251 51                              	PUSH	ECX
   201 00000252 8B 4D 08                        	MOV	ECX,DWORD [8+EBP]
   202 00000255 52                              	PUSH	EDX
   203 00000256 6A 00                           	PUSH	0
   204 00000258 FF 71 04                        	PUSH	DWORD [4+ECX]
   205 0000025B FF 31                           	PUSH	DWORD [ECX]
   206 0000025D E8 [00000000]                   	CALL	_boxfill8
   207 00000262 83 C4 1C                        	ADD	ESP,28
   208 00000265 C7 85 FFFFFDF0 FFFFFFFF         	MOV	DWORD [-528+EBP],-1
   209 0000026F E9 FFFFFE8A                     	JMP	L13
   210 00000274                                 L26:
   211 00000274 C7 85 FFFFFDF0 00000007         	MOV	DWORD [-528+EBP],7
   212 0000027E E9 FFFFFE72                     	JMP	L12
   213 00000283                                 L25:
   214 00000283 85 F6                           	TEST	ESI,ESI
   215 00000285 74 2E                           	JE	L8
   216 00000287 6A 00                           	PUSH	0
   217 00000289 53                              	PUSH	EBX
   218 0000028A 57                              	PUSH	EDI
   219 0000028B E8 [00000000]                   	CALL	_timer_init
   220 00000290 83 C4 0C                        	ADD	ESP,12
   221 00000293 83 BD FFFFFDF0 00               	CMP	DWORD [-528+EBP],0
   222 0000029A 78 0A                           	JS	L10
   223 0000029C C7 85 FFFFFDF0 00000007         	MOV	DWORD [-528+EBP],7
   224 000002A6                                 L10:
   225 000002A6 6A 32                           	PUSH	50
   226 000002A8 57                              	PUSH	EDI
   227 000002A9 E8 [00000000]                   	CALL	_timer_settime
   228 000002AE 58                              	POP	EAX
   229 000002AF 5A                              	POP	EDX
   230 000002B0 E9 FFFFFE37                     	JMP	L7
   231 000002B5                                 L8:
   232 000002B5 6A 01                           	PUSH	1
   233 000002B7 53                              	PUSH	EBX
   234 000002B8 57                              	PUSH	EDI
   235 000002B9 E8 [00000000]                   	CALL	_timer_init
   236 000002BE 83 C4 0C                        	ADD	ESP,12
   237 000002C1 83 BD FFFFFDF0 00               	CMP	DWORD [-528+EBP],0
   238 000002C8 78 DC                           	JS	L10
   239 000002CA C7 85 FFFFFDF0 00000000         	MOV	DWORD [-528+EBP],0
   240 000002D4 EB D0                           	JMP	L10
   241 000002D6                                 L24:
   242 000002D6 FF B5 FFFFFDC0                  	PUSH	DWORD [-576+EBP]
   243 000002DC E8 [00000000]                   	CALL	_task_sleep
   244 000002E1 E8 [00000000]                   	CALL	_io_sti
   245 000002E6 5B                              	POP	EBX
   246 000002E7 E9 FFFFFDCC                     	JMP	L2
   247                                          [SECTION .data]
   248 00000000                                 LC0:
   249 00000000 20 00                           	DB	" ",0x00
   250                                          [SECTION .text]
   251 000002EC                                 	GLOBAL	_cons_putchar
   252 000002EC                                 _cons_putchar:
   253 000002EC 55                              	PUSH	EBP
   254 000002ED 89 E5                           	MOV	EBP,ESP
   255 000002EF 53                              	PUSH	EBX
   256 000002F0 50                              	PUSH	EAX
   257 000002F1 8B 45 0C                        	MOV	EAX,DWORD [12+EBP]
   258 000002F4 8A 55 10                        	MOV	DL,BYTE [16+EBP]
   259 000002F7 8B 5D 08                        	MOV	EBX,DWORD [8+EBP]
   260 000002FA 88 55 F9                        	MOV	BYTE [-7+EBP],DL
   261 000002FD 88 45 FA                        	MOV	BYTE [-6+EBP],AL
   262 00000300 3C 09                           	CMP	AL,9
   263 00000302 C6 45 FB 00                     	MOV	BYTE [-5+EBP],0
   264 00000306 74 46                           	JE	L32
   265 00000308 3C 0A                           	CMP	AL,10
   266 0000030A 74 39                           	JE	L44
   267 0000030C 3C 0D                           	CMP	AL,13
   268 0000030E 74 30                           	JE	L30
   269 00000310 6A 01                           	PUSH	1
   270 00000312 8D 45 FA                        	LEA	EAX,DWORD [-6+EBP]
   271 00000315 50                              	PUSH	EAX
   272 00000316 6A 00                           	PUSH	0
   273 00000318 6A 07                           	PUSH	7
   274 0000031A FF 73 08                        	PUSH	DWORD [8+EBX]
   275 0000031D FF 73 04                        	PUSH	DWORD [4+EBX]
   276 00000320 FF 33                           	PUSH	DWORD [EBX]
   277 00000322 E8 [00000000]                   	CALL	_putfonts8_asc_sht
   278 00000327 83 C4 1C                        	ADD	ESP,28
   279 0000032A 80 7D F9 00                     	CMP	BYTE [-7+EBP],0
   280 0000032E 74 10                           	JE	L30
   281 00000330 8B 43 04                        	MOV	EAX,DWORD [4+EBX]
   282 00000333 83 C0 08                        	ADD	EAX,8
   283 00000336 89 43 04                        	MOV	DWORD [4+EBX],EAX
   284 00000339 3D 000000F8                     	CMP	EAX,248
   285 0000033E 74 05                           	JE	L44
   286 00000340                                 L30:
   287 00000340 8B 5D FC                        	MOV	EBX,DWORD [-4+EBP]
   288 00000343 C9                              	LEAVE
   289 00000344 C3                              	RET
   290 00000345                                 L44:
   291 00000345 53                              	PUSH	EBX
   292 00000346 E8 00000044                     	CALL	_cons_newline
   293 0000034B 58                              	POP	EAX
   294 0000034C EB F2                           	JMP	L30
   295 0000034E                                 L32:
   296 0000034E 6A 01                           	PUSH	1
   297 00000350 68 [00000000]                   	PUSH	LC0
   298 00000355 6A 00                           	PUSH	0
   299 00000357 6A 07                           	PUSH	7
   300 00000359 FF 73 08                        	PUSH	DWORD [8+EBX]
   301 0000035C FF 73 04                        	PUSH	DWORD [4+EBX]
   302 0000035F FF 33                           	PUSH	DWORD [EBX]
   303 00000361 E8 [00000000]                   	CALL	_putfonts8_asc_sht
   304 00000366 83 C4 1C                        	ADD	ESP,28
   305 00000369 8B 43 04                        	MOV	EAX,DWORD [4+EBX]
   306 0000036C 83 C0 08                        	ADD	EAX,8
   307 0000036F 89 43 04                        	MOV	DWORD [4+EBX],EAX
   308 00000372 3D 000000F8                     	CMP	EAX,248
   309 00000377 74 0D                           	JE	L45
   310 00000379                                 L35:
   311 00000379 8B 43 04                        	MOV	EAX,DWORD [4+EBX]
   312 0000037C 83 E8 08                        	SUB	EAX,8
   313 0000037F 83 E0 1F                        	AND	EAX,31
   314 00000382 75 CA                           	JNE	L32
   315 00000384 EB BA                           	JMP	L30
   316 00000386                                 L45:
   317 00000386 53                              	PUSH	EBX
   318 00000387 E8 00000003                     	CALL	_cons_newline
   319 0000038C 58                              	POP	EAX
   320 0000038D EB EA                           	JMP	L35
   321 0000038F                                 	GLOBAL	_cons_newline
   322 0000038F                                 _cons_newline:
   323 0000038F 55                              	PUSH	EBP
   324 00000390 89 E5                           	MOV	EBP,ESP
   325 00000392 57                              	PUSH	EDI
   326 00000393 56                              	PUSH	ESI
   327 00000394 53                              	PUSH	EBX
   328 00000395 50                              	PUSH	EAX
   329 00000396 8B 45 08                        	MOV	EAX,DWORD [8+EBP]
   330 00000399 8B 55 08                        	MOV	EDX,DWORD [8+EBP]
   331 0000039C 8B 00                           	MOV	EAX,DWORD [EAX]
   332 0000039E 89 45 F0                        	MOV	DWORD [-16+EBP],EAX
   333 000003A1 8B 42 08                        	MOV	EAX,DWORD [8+EDX]
   334 000003A4 3D 0000008B                     	CMP	EAX,139
   335 000003A9 7F 18                           	JG	L47
   336 000003AB 83 C0 10                        	ADD	EAX,16
   337 000003AE 89 42 08                        	MOV	DWORD [8+EDX],EAX
   338 000003B1                                 L48:
   339 000003B1 8B 45 08                        	MOV	EAX,DWORD [8+EBP]
   340 000003B4 C7 40 04 00000008               	MOV	DWORD [4+EAX],8
   341 000003BB 8D 65 F4                        	LEA	ESP,DWORD [-12+EBP]
   342 000003BE 5B                              	POP	EBX
   343 000003BF 5E                              	POP	ESI
   344 000003C0 5F                              	POP	EDI
   345 000003C1 5D                              	POP	EBP
   346 000003C2 C3                              	RET
   347 000003C3                                 L47:
   348 000003C3 BF 0000001C                     	MOV	EDI,28
   349 000003C8                                 L58:
   350 000003C8 BE 00000008                     	MOV	ESI,8
   351 000003CD                                 L57:
   352 000003CD 8B 45 F0                        	MOV	EAX,DWORD [-16+EBP]
   353 000003D0 89 FA                           	MOV	EDX,EDI
   354 000003D2 8B 48 04                        	MOV	ECX,DWORD [4+EAX]
   355 000003D5 8B 18                           	MOV	EBX,DWORD [EAX]
   356 000003D7 8D 47 10                        	LEA	EAX,DWORD [16+EDI]
   357 000003DA 0F AF C1                        	IMUL	EAX,ECX
   358 000003DD 0F AF D1                        	IMUL	EDX,ECX
   359 000003E0 8D 04 30                        	LEA	EAX,DWORD [EAX+ESI*1]
   360 000003E3 8D 14 32                        	LEA	EDX,DWORD [EDX+ESI*1]
   361 000003E6 46                              	INC	ESI
   362 000003E7 8A 04 18                        	MOV	AL,BYTE [EAX+EBX*1]
   363 000003EA 81 FE 000000F7                  	CMP	ESI,247
   364 000003F0 88 04 1A                        	MOV	BYTE [EDX+EBX*1],AL
   365 000003F3 7E D8                           	JLE	L57
   366 000003F5 47                              	INC	EDI
   367 000003F6 81 FF 0000008B                  	CMP	EDI,139
   368 000003FC 7E CA                           	JLE	L58
   369 000003FE BF 0000008C                     	MOV	EDI,140
   370 00000403                                 L68:
   371 00000403 BE 00000008                     	MOV	ESI,8
   372 00000408                                 L67:
   373 00000408 8B 55 F0                        	MOV	EDX,DWORD [-16+EBP]
   374 0000040B 89 F8                           	MOV	EAX,EDI
   375 0000040D 89 D1                           	MOV	ECX,EDX
   376 0000040F 0F AF 42 04                     	IMUL	EAX,DWORD [4+EDX]
   377 00000413 8B 12                           	MOV	EDX,DWORD [EDX]
   378 00000415 8D 04 30                        	LEA	EAX,DWORD [EAX+ESI*1]
   379 00000418 46                              	INC	ESI
   380 00000419 81 FE 000000F7                  	CMP	ESI,247
   381 0000041F C6 04 10 00                     	MOV	BYTE [EAX+EDX*1],0
   382 00000423 7E E3                           	JLE	L67
   383 00000425 47                              	INC	EDI
   384 00000426 81 FF 0000009B                  	CMP	EDI,155
   385 0000042C 7E D5                           	JLE	L68
   386 0000042E 68 0000009C                     	PUSH	156
   387 00000433 68 000000F8                     	PUSH	248
   388 00000438 6A 1C                           	PUSH	28
   389 0000043A 6A 08                           	PUSH	8
   390 0000043C 51                              	PUSH	ECX
   391 0000043D E8 [00000000]                   	CALL	_sheet_refresh
   392 00000442 83 C4 14                        	ADD	ESP,20
   393 00000445 E9 FFFFFF67                     	JMP	L48
   394                                          [SECTION .data]
   395 00000002                                 LC1:
   396 00000002 6D 65 6D 00                     	DB	"mem",0x00
   397 00000006                                 LC2:
   398 00000006 63 6C 73 00                     	DB	"cls",0x00
   399 0000000A                                 LC3:
   400 0000000A 64 69 72 00                     	DB	"dir",0x00
   401 0000000E                                 LC4:
   402 0000000E 74 79 70 65 20 00               	DB	"type ",0x00
   403 00000014                                 LC5:
   404 00000014 42 61 64 20 63 6F 6D 6D 61 6E   	DB	"Bad command.",0x00
       0000001E 64 2E 00 
   405                                          [SECTION .text]
   406 0000044A                                 	GLOBAL	_cons_runcmd
   407 0000044A                                 _cons_runcmd:
   408 0000044A 55                              	PUSH	EBP
   409 0000044B 89 E5                           	MOV	EBP,ESP
   410 0000044D 57                              	PUSH	EDI
   411 0000044E 56                              	PUSH	ESI
   412 0000044F BF [00000002]                   	MOV	EDI,LC1
   413 00000454 53                              	PUSH	EBX
   414 00000455 83 EC 0C                        	SUB	ESP,12
   415 00000458 8B 45 08                        	MOV	EAX,DWORD [8+EBP]
   416 0000045B 8B 4D 10                        	MOV	ECX,DWORD [16+EBP]
   417 0000045E 89 45 E8                        	MOV	DWORD [-24+EBP],EAX
   418 00000461 89 4D F0                        	MOV	DWORD [-16+EBP],ECX
   419 00000464 8B 45 14                        	MOV	EAX,DWORD [20+EBP]
   420 00000467 8B 75 E8                        	MOV	ESI,DWORD [-24+EBP]
   421 0000046A 89 45 EC                        	MOV	DWORD [-20+EBP],EAX
   422 0000046D 8B 5D 0C                        	MOV	EBX,DWORD [12+EBP]
   423 00000470 B8 00000004                     	MOV	EAX,4
   424 00000475 FC                              	CLD
   425 00000476 89 C1                           	MOV	ECX,EAX
   426 00000478 F3                              	REPE
   427 00000479 A6                              	CMPSB
   428 0000047A 0F 84 000000C9                  	JE	L88
   429 00000480 B8 00000004                     	MOV	EAX,4
   430 00000485 8B 75 E8                        	MOV	ESI,DWORD [-24+EBP]
   431 00000488 FC                              	CLD
   432 00000489 BF [00000006]                   	MOV	EDI,LC2
   433 0000048E 89 C1                           	MOV	ECX,EAX
   434 00000490 F3                              	REPE
   435 00000491 A6                              	CMPSB
   436 00000492 0F 84 000000A2                  	JE	L89
   437 00000498 B8 00000004                     	MOV	EAX,4
   438 0000049D 8B 75 E8                        	MOV	ESI,DWORD [-24+EBP]
   439 000004A0 FC                              	CLD
   440 000004A1 BF [0000000A]                   	MOV	EDI,LC3
   441 000004A6 89 C1                           	MOV	ECX,EAX
   442 000004A8 F3                              	REPE
   443 000004A9 A6                              	CMPSB
   444 000004AA 74 7F                           	JE	L90
   445 000004AC B8 00000005                     	MOV	EAX,5
   446 000004B1 8B 75 E8                        	MOV	ESI,DWORD [-24+EBP]
   447 000004B4 FC                              	CLD
   448 000004B5 BF [0000000E]                   	MOV	EDI,LC4
   449 000004BA 89 C1                           	MOV	ECX,EAX
   450 000004BC F3                              	REPE
   451 000004BD A6                              	CMPSB
   452 000004BE 74 50                           	JE	L91
   453 000004C0 8B 45 E8                        	MOV	EAX,DWORD [-24+EBP]
   454 000004C3 80 38 00                        	CMP	BYTE [EAX],0
   455 000004C6 75 08                           	JNE	L92
   456 000004C8                                 L77:
   457 000004C8 8D 65 F4                        	LEA	ESP,DWORD [-12+EBP]
   458 000004CB 5B                              	POP	EBX
   459 000004CC 5E                              	POP	ESI
   460 000004CD 5F                              	POP	EDI
   461 000004CE 5D                              	POP	EBP
   462 000004CF C3                              	RET
   463 000004D0                                 L92:
   464 000004D0 50                              	PUSH	EAX
   465 000004D1 FF 75 F0                        	PUSH	DWORD [-16+EBP]
   466 000004D4 53                              	PUSH	EBX
   467 000004D5 E8 000002C6                     	CALL	_cmd_app
   468 000004DA 83 C4 0C                        	ADD	ESP,12
   469 000004DD 85 C0                           	TEST	EAX,EAX
   470 000004DF 75 E7                           	JNE	L77
   471 000004E1 6A 0C                           	PUSH	12
   472 000004E3 68 [00000014]                   	PUSH	LC5
   473 000004E8 6A 00                           	PUSH	0
   474 000004EA 6A 07                           	PUSH	7
   475 000004EC FF 73 08                        	PUSH	DWORD [8+EBX]
   476 000004EF 6A 08                           	PUSH	8
   477 000004F1 FF 33                           	PUSH	DWORD [EBX]
   478 000004F3 E8 [00000000]                   	CALL	_putfonts8_asc_sht
   479 000004F8 53                              	PUSH	EBX
   480 000004F9 E8 FFFFFE91                     	CALL	_cons_newline
   481 000004FE 89 5D 08                        	MOV	DWORD [8+EBP],EBX
   482 00000501 83 C4 20                        	ADD	ESP,32
   483 00000504 8D 65 F4                        	LEA	ESP,DWORD [-12+EBP]
   484 00000507 5B                              	POP	EBX
   485 00000508 5E                              	POP	ESI
   486 00000509 5F                              	POP	EDI
   487 0000050A 5D                              	POP	EBP
   488 0000050B E9 FFFFFE7F                     	JMP	_cons_newline
   489 00000510                                 L91:
   490 00000510 8B 45 E8                        	MOV	EAX,DWORD [-24+EBP]
   491 00000513 8B 4D F0                        	MOV	ECX,DWORD [-16+EBP]
   492 00000516 89 45 10                        	MOV	DWORD [16+EBP],EAX
   493 00000519 89 4D 0C                        	MOV	DWORD [12+EBP],ECX
   494 0000051C 89 5D 08                        	MOV	DWORD [8+EBP],EBX
   495 0000051F 8D 65 F4                        	LEA	ESP,DWORD [-12+EBP]
   496 00000522 5B                              	POP	EBX
   497 00000523 5E                              	POP	ESI
   498 00000524 5F                              	POP	EDI
   499 00000525 5D                              	POP	EBP
   500 00000526 E9 000001B5                     	JMP	_cmd_type
   501 0000052B                                 L90:
   502 0000052B 89 5D 08                        	MOV	DWORD [8+EBP],EBX
   503 0000052E 8D 65 F4                        	LEA	ESP,DWORD [-12+EBP]
   504 00000531 5B                              	POP	EBX
   505 00000532 5E                              	POP	ESI
   506 00000533 5F                              	POP	EDI
   507 00000534 5D                              	POP	EBP
   508 00000535 E9 000000FA                     	JMP	_cmd_dir
   509 0000053A                                 L89:
   510 0000053A 89 5D 08                        	MOV	DWORD [8+EBP],EBX
   511 0000053D 8D 65 F4                        	LEA	ESP,DWORD [-12+EBP]
   512 00000540 5B                              	POP	EBX
   513 00000541 5E                              	POP	ESI
   514 00000542 5F                              	POP	EDI
   515 00000543 5D                              	POP	EBP
   516 00000544 E9 00000092                     	JMP	_cmd_cls
   517 00000549                                 L88:
   518 00000549 8B 45 EC                        	MOV	EAX,DWORD [-20+EBP]
   519 0000054C 89 5D 08                        	MOV	DWORD [8+EBP],EBX
   520 0000054F 89 45 0C                        	MOV	DWORD [12+EBP],EAX
   521 00000552 8D 65 F4                        	LEA	ESP,DWORD [-12+EBP]
   522 00000555 5B                              	POP	EBX
   523 00000556 5E                              	POP	ESI
   524 00000557 5F                              	POP	EDI
   525 00000558 5D                              	POP	EBP
   526 00000559 EB 00                           	JMP	_cmd_mem
   527                                          [SECTION .data]
   528 00000021                                 LC6:
   529 00000021 74 6F 74 61 6C 20 20 20 25 64   	DB	"total   %dMB",0x00
       0000002B 4D 42 00 
   530 0000002E                                 LC7:
   531 0000002E 66 72 65 65 20 25 64 4B 42 00   	DB	"free %dKB",0x00
   532                                          [SECTION .text]
   533 0000055B                                 	GLOBAL	_cmd_mem
   534 0000055B                                 _cmd_mem:
   535 0000055B 55                              	PUSH	EBP
   536 0000055C 89 E5                           	MOV	EBP,ESP
   537 0000055E 56                              	PUSH	ESI
   538 0000055F 53                              	PUSH	EBX
   539 00000560 83 EC 20                        	SUB	ESP,32
   540 00000563 8D 75 D8                        	LEA	ESI,DWORD [-40+EBP]
   541 00000566 8B 45 0C                        	MOV	EAX,DWORD [12+EBP]
   542 00000569 8B 5D 08                        	MOV	EBX,DWORD [8+EBP]
   543 0000056C C1 E8 14                        	SHR	EAX,20
   544 0000056F 50                              	PUSH	EAX
   545 00000570 68 [00000021]                   	PUSH	LC6
   546 00000575 56                              	PUSH	ESI
   547 00000576 E8 [00000000]                   	CALL	_sprintf
   548 0000057B 6A 1E                           	PUSH	30
   549 0000057D 56                              	PUSH	ESI
   550 0000057E 6A 00                           	PUSH	0
   551 00000580 6A 07                           	PUSH	7
   552 00000582 FF 73 08                        	PUSH	DWORD [8+EBX]
   553 00000585 6A 08                           	PUSH	8
   554 00000587 FF 33                           	PUSH	DWORD [EBX]
   555 00000589 E8 [00000000]                   	CALL	_putfonts8_asc_sht
   556 0000058E 83 C4 28                        	ADD	ESP,40
   557 00000591 53                              	PUSH	EBX
   558 00000592 E8 FFFFFDF8                     	CALL	_cons_newline
   559 00000597 68 003C0000                     	PUSH	3932160
   560 0000059C E8 [00000000]                   	CALL	_memman_total
   561 000005A1 C1 E8 0A                        	SHR	EAX,10
   562 000005A4 89 04 24                        	MOV	DWORD [ESP],EAX
   563 000005A7 68 [0000002E]                   	PUSH	LC7
   564 000005AC 56                              	PUSH	ESI
   565 000005AD E8 [00000000]                   	CALL	_sprintf
   566 000005B2 6A 1E                           	PUSH	30
   567 000005B4 56                              	PUSH	ESI
   568 000005B5 6A 00                           	PUSH	0
   569 000005B7 6A 07                           	PUSH	7
   570 000005B9 FF 73 08                        	PUSH	DWORD [8+EBX]
   571 000005BC 6A 08                           	PUSH	8
   572 000005BE FF 33                           	PUSH	DWORD [EBX]
   573 000005C0 E8 [00000000]                   	CALL	_putfonts8_asc_sht
   574 000005C5 83 C4 2C                        	ADD	ESP,44
   575 000005C8 53                              	PUSH	EBX
   576 000005C9 E8 FFFFFDC1                     	CALL	_cons_newline
   577 000005CE 53                              	PUSH	EBX
   578 000005CF E8 FFFFFDBB                     	CALL	_cons_newline
   579 000005D4 8D 65 F8                        	LEA	ESP,DWORD [-8+EBP]
   580 000005D7 5B                              	POP	EBX
   581 000005D8 5E                              	POP	ESI
   582 000005D9 5D                              	POP	EBP
   583 000005DA C3                              	RET
   584 000005DB                                 	GLOBAL	_cmd_cls
   585 000005DB                                 _cmd_cls:
   586 000005DB 55                              	PUSH	EBP
   587 000005DC 89 E5                           	MOV	EBP,ESP
   588 000005DE 57                              	PUSH	EDI
   589 000005DF 56                              	PUSH	ESI
   590 000005E0 BE 0000001C                     	MOV	ESI,28
   591 000005E5 8B 7D 08                        	MOV	EDI,DWORD [8+EBP]
   592 000005E8 53                              	PUSH	EBX
   593 000005E9 8B 1F                           	MOV	EBX,DWORD [EDI]
   594 000005EB                                 L104:
   595 000005EB B9 00000008                     	MOV	ECX,8
   596 000005F0                                 L103:
   597 000005F0 89 F0                           	MOV	EAX,ESI
   598 000005F2 8B 13                           	MOV	EDX,DWORD [EBX]
   599 000005F4 0F AF 43 04                     	IMUL	EAX,DWORD [4+EBX]
   600 000005F8 8D 04 08                        	LEA	EAX,DWORD [EAX+ECX*1]
   601 000005FB 41                              	INC	ECX
   602 000005FC 81 F9 000000F7                  	CMP	ECX,247
   603 00000602 C6 04 10 00                     	MOV	BYTE [EAX+EDX*1],0
   604 00000606 7E E8                           	JLE	L103
   605 00000608 46                              	INC	ESI
   606 00000609 81 FE 0000009B                  	CMP	ESI,155
   607 0000060F 7E DA                           	JLE	L104
   608 00000611 68 0000009C                     	PUSH	156
   609 00000616 68 000000F8                     	PUSH	248
   610 0000061B 6A 1C                           	PUSH	28
   611 0000061D 6A 08                           	PUSH	8
   612 0000061F 53                              	PUSH	EBX
   613 00000620 E8 [00000000]                   	CALL	_sheet_refresh
   614 00000625 C7 47 08 0000001C               	MOV	DWORD [8+EDI],28
   615 0000062C 8D 65 F4                        	LEA	ESP,DWORD [-12+EBP]
   616 0000062F 5B                              	POP	EBX
   617 00000630 5E                              	POP	ESI
   618 00000631 5F                              	POP	EDI
   619 00000632 5D                              	POP	EBP
   620 00000633 C3                              	RET
   621                                          [SECTION .data]
   622 00000038                                 LC8:
   623 00000038 66 69 6C 65 6E 61 6D 65 2E 65   	DB	"filename.ext   %7d",0x00
       00000042 78 74 20 20 20 25 37 64 00 
   624                                          [SECTION .text]
   625 00000634                                 	GLOBAL	_cmd_dir
   626 00000634                                 _cmd_dir:
   627 00000634 55                              	PUSH	EBP
   628 00000635 89 E5                           	MOV	EBP,ESP
   629 00000637 57                              	PUSH	EDI
   630 00000638 56                              	PUSH	ESI
   631 00000639 31 FF                           	XOR	EDI,EDI
   632 0000063B 53                              	PUSH	EBX
   633 0000063C 31 DB                           	XOR	EBX,EBX
   634 0000063E 83 EC 20                        	SUB	ESP,32
   635 00000641 8B 75 08                        	MOV	ESI,DWORD [8+EBP]
   636 00000644                                 L122:
   637 00000644 8A 83 00102600                  	MOV	AL,BYTE [1058304+EBX]
   638 0000064A 84 C0                           	TEST	AL,AL
   639 0000064C 74 19                           	JE	L111
   640 0000064E 3C E5                           	CMP	AL,-27
   641 00000650 74 09                           	JE	L112
   642 00000652 F6 83 0010260B 18               	TEST	BYTE [1058315+EBX],24
   643 00000659 74 1A                           	JE	L126
   644 0000065B                                 L112:
   645 0000065B 47                              	INC	EDI
   646 0000065C 83 C3 20                        	ADD	EBX,32
   647 0000065F 81 FF 000000DF                  	CMP	EDI,223
   648 00000665 7E DD                           	JLE	L122
   649 00000667                                 L111:
   650 00000667 56                              	PUSH	ESI
   651 00000668 E8 FFFFFD22                     	CALL	_cons_newline
   652 0000066D 8D 65 F4                        	LEA	ESP,DWORD [-12+EBP]
   653 00000670 5B                              	POP	EBX
   654 00000671 5E                              	POP	ESI
   655 00000672 5F                              	POP	EDI
   656 00000673 5D                              	POP	EBP
   657 00000674 C3                              	RET
   658 00000675                                 L126:
   659 00000675 FF B3 0010261C                  	PUSH	DWORD [1058332+EBX]
   660 0000067B 68 [00000038]                   	PUSH	LC8
   661 00000680 8D 45 D4                        	LEA	EAX,DWORD [-44+EBP]
   662 00000683 50                              	PUSH	EAX
   663 00000684 E8 [00000000]                   	CALL	_sprintf
   664 00000689 8D 93 00102600                  	LEA	EDX,DWORD [1058304+EBX]
   665 0000068F 31 C9                           	XOR	ECX,ECX
   666 00000691 83 C4 0C                        	ADD	ESP,12
   667 00000694                                 L121:
   668 00000694 8A 02                           	MOV	AL,BYTE [EDX]
   669 00000696 42                              	INC	EDX
   670 00000697 88 44 0D D4                     	MOV	BYTE [-44+EBP+ECX*1],AL
   671 0000069B 41                              	INC	ECX
   672 0000069C 83 F9 07                        	CMP	ECX,7
   673 0000069F 7E F3                           	JLE	L121
   674 000006A1 8A 83 00102608                  	MOV	AL,BYTE [1058312+EBX]
   675 000006A7 88 45 DD                        	MOV	BYTE [-35+EBP],AL
   676 000006AA 8A 83 00102609                  	MOV	AL,BYTE [1058313+EBX]
   677 000006B0 88 45 DE                        	MOV	BYTE [-34+EBP],AL
   678 000006B3 8A 83 0010260A                  	MOV	AL,BYTE [1058314+EBX]
   679 000006B9 6A 1E                           	PUSH	30
   680 000006BB 88 45 DF                        	MOV	BYTE [-33+EBP],AL
   681 000006BE 8D 45 D4                        	LEA	EAX,DWORD [-44+EBP]
   682 000006C1 50                              	PUSH	EAX
   683 000006C2 6A 00                           	PUSH	0
   684 000006C4 6A 07                           	PUSH	7
   685 000006C6 FF 76 08                        	PUSH	DWORD [8+ESI]
   686 000006C9 6A 08                           	PUSH	8
   687 000006CB FF 36                           	PUSH	DWORD [ESI]
   688 000006CD E8 [00000000]                   	CALL	_putfonts8_asc_sht
   689 000006D2 56                              	PUSH	ESI
   690 000006D3 E8 FFFFFCB7                     	CALL	_cons_newline
   691 000006D8 83 C4 20                        	ADD	ESP,32
   692 000006DB E9 FFFFFF7B                     	JMP	L112
   693                                          [SECTION .data]
   694 0000004B                                 LC9:
   695 0000004B 46 69 6C 65 20 6E 6F 74 20 66   	DB	"File not found.",0x00
       00000055 6F 75 6E 64 2E 00 
   696                                          [SECTION .text]
   697 000006E0                                 	GLOBAL	_cmd_type
   698 000006E0                                 _cmd_type:
   699 000006E0 55                              	PUSH	EBP
   700 000006E1 89 E5                           	MOV	EBP,ESP
   701 000006E3 57                              	PUSH	EDI
   702 000006E4 56                              	PUSH	ESI
   703 000006E5 53                              	PUSH	EBX
   704 000006E6 50                              	PUSH	EAX
   705 000006E7 8B 45 08                        	MOV	EAX,DWORD [8+EBP]
   706 000006EA 8B 75 0C                        	MOV	ESI,DWORD [12+EBP]
   707 000006ED 89 45 F0                        	MOV	DWORD [-16+EBP],EAX
   708 000006F0 68 000000E0                     	PUSH	224
   709 000006F5 68 00102600                     	PUSH	1058304
   710 000006FA 8B 45 10                        	MOV	EAX,DWORD [16+EBP]
   711 000006FD 83 C0 05                        	ADD	EAX,5
   712 00000700 50                              	PUSH	EAX
   713 00000701 E8 [00000000]                   	CALL	_file_search
   714 00000706 83 C4 0C                        	ADD	ESP,12
   715 00000709 89 C3                           	MOV	EBX,EAX
   716 0000070B 85 C0                           	TEST	EAX,EAX
   717 0000070D 74 6A                           	JE	L128
   718 0000070F FF 70 1C                        	PUSH	DWORD [28+EAX]
   719 00000712 68 003C0000                     	PUSH	3932160
   720 00000717 E8 [00000000]                   	CALL	_memman_alloc_4k
   721 0000071C 68 00103E00                     	PUSH	1064448
   722 00000721 56                              	PUSH	ESI
   723 00000722 89 C7                           	MOV	EDI,EAX
   724 00000724 50                              	PUSH	EAX
   725 00000725 31 F6                           	XOR	ESI,ESI
   726 00000727 FF 73 1C                        	PUSH	DWORD [28+EBX]
   727 0000072A 0F B7 43 1A                     	MOVZX	EAX,WORD [26+EBX]
   728 0000072E 50                              	PUSH	EAX
   729 0000072F E8 [00000000]                   	CALL	_file_loadfile
   730 00000734 83 C4 1C                        	ADD	ESP,28
   731 00000737 3B 73 1C                        	CMP	ESI,DWORD [28+EBX]
   732 0000073A 72 23                           	JB	L133
   733 0000073C                                 L136:
   734 0000073C FF 73 1C                        	PUSH	DWORD [28+EBX]
   735 0000073F 57                              	PUSH	EDI
   736 00000740 68 003C0000                     	PUSH	3932160
   737 00000745 E8 [00000000]                   	CALL	_memman_free_4k
   738 0000074A 83 C4 0C                        	ADD	ESP,12
   739 0000074D                                 L134:
   740 0000074D 8B 45 F0                        	MOV	EAX,DWORD [-16+EBP]
   741 00000750 89 45 08                        	MOV	DWORD [8+EBP],EAX
   742 00000753 8D 65 F4                        	LEA	ESP,DWORD [-12+EBP]
   743 00000756 5B                              	POP	EBX
   744 00000757 5E                              	POP	ESI
   745 00000758 5F                              	POP	EDI
   746 00000759 5D                              	POP	EBP
   747 0000075A E9 FFFFFC30                     	JMP	_cons_newline
   748 0000075F                                 L133:
   749 0000075F 6A 01                           	PUSH	1
   750 00000761 0F BE 04 3E                     	MOVSX	EAX,BYTE [ESI+EDI*1]
   751 00000765 50                              	PUSH	EAX
   752 00000766 46                              	INC	ESI
   753 00000767 FF 75 F0                        	PUSH	DWORD [-16+EBP]
   754 0000076A E8 FFFFFB7D                     	CALL	_cons_putchar
   755 0000076F 83 C4 0C                        	ADD	ESP,12
   756 00000772 3B 73 1C                        	CMP	ESI,DWORD [28+EBX]
   757 00000775 72 E8                           	JB	L133
   758 00000777 EB C3                           	JMP	L136
   759 00000779                                 L128:
   760 00000779 6A 0F                           	PUSH	15
   761 0000077B 68 [0000004B]                   	PUSH	LC9
   762 00000780 6A 00                           	PUSH	0
   763 00000782 6A 07                           	PUSH	7
   764 00000784 8B 45 F0                        	MOV	EAX,DWORD [-16+EBP]
   765 00000787 FF 70 08                        	PUSH	DWORD [8+EAX]
   766 0000078A 6A 08                           	PUSH	8
   767 0000078C FF 30                           	PUSH	DWORD [EAX]
   768 0000078E E8 [00000000]                   	CALL	_putfonts8_asc_sht
   769 00000793 FF 75 F0                        	PUSH	DWORD [-16+EBP]
   770 00000796 E8 FFFFFBF4                     	CALL	_cons_newline
   771 0000079B 83 C4 20                        	ADD	ESP,32
   772 0000079E EB AD                           	JMP	L134
   773 000007A0                                 	GLOBAL	_cmd_app
   774 000007A0                                 _cmd_app:
   775 000007A0 55                              	PUSH	EBP
   776 000007A1 89 E5                           	MOV	EBP,ESP
   777 000007A3 57                              	PUSH	EDI
   778 000007A4 56                              	PUSH	ESI
   779 000007A5 53                              	PUSH	EBX
   780 000007A6 31 DB                           	XOR	EBX,EBX
   781 000007A8 83 EC 20                        	SUB	ESP,32
   782 000007AB 8B 55 10                        	MOV	EDX,DWORD [16+EBP]
   783 000007AE                                 L143:
   784 000007AE 8A 04 13                        	MOV	AL,BYTE [EBX+EDX*1]
   785 000007B1 3C 20                           	CMP	AL,32
   786 000007B3 7E 0A                           	JLE	L139
   787 000007B5 88 44 1D D4                     	MOV	BYTE [-44+EBP+EBX*1],AL
   788 000007B9 43                              	INC	EBX
   789 000007BA 83 FB 0C                        	CMP	EBX,12
   790 000007BD 7E EF                           	JLE	L143
   791 000007BF                                 L139:
   792 000007BF 68 000000E0                     	PUSH	224
   793 000007C4 8D 7D D4                        	LEA	EDI,DWORD [-44+EBP]
   794 000007C7 68 00102600                     	PUSH	1058304
   795 000007CC 57                              	PUSH	EDI
   796 000007CD C6 44 1D D4 00                  	MOV	BYTE [-44+EBP+EBX*1],0
   797 000007D2 E8 [00000000]                   	CALL	_file_search
   798 000007D7 83 C4 0C                        	ADD	ESP,12
   799 000007DA 89 C6                           	MOV	ESI,EAX
   800 000007DC 85 C0                           	TEST	EAX,EAX
   801 000007DE 74 6C                           	JE	L148
   802 000007E0                                 L147:
   803 000007E0 FF 76 1C                        	PUSH	DWORD [28+ESI]
   804 000007E3 68 003C0000                     	PUSH	3932160
   805 000007E8 E8 [00000000]                   	CALL	_memman_alloc_4k
   806 000007ED 68 00103E00                     	PUSH	1064448
   807 000007F2 FF 75 0C                        	PUSH	DWORD [12+EBP]
   808 000007F5 50                              	PUSH	EAX
   809 000007F6 89 C3                           	MOV	EBX,EAX
   810 000007F8 FF 76 1C                        	PUSH	DWORD [28+ESI]
   811 000007FB 0F B7 46 1A                     	MOVZX	EAX,WORD [26+ESI]
   812 000007FF 50                              	PUSH	EAX
   813 00000800 E8 [00000000]                   	CALL	_file_loadfile
   814 00000805 68 0000409A                     	PUSH	16538
   815 0000080A 53                              	PUSH	EBX
   816 0000080B 8B 46 1C                        	MOV	EAX,DWORD [28+ESI]
   817 0000080E 48                              	DEC	EAX
   818 0000080F 50                              	PUSH	EAX
   819 00000810 68 00271F58                     	PUSH	2563928
   820 00000815 E8 [00000000]                   	CALL	_set_segmdesc
   821 0000081A 83 C4 2C                        	ADD	ESP,44
   822 0000081D 68 00001F58                     	PUSH	8024
   823 00000822 6A 00                           	PUSH	0
   824 00000824 E8 [00000000]                   	CALL	_farcall
   825 00000829 FF 76 1C                        	PUSH	DWORD [28+ESI]
   826 0000082C 53                              	PUSH	EBX
   827 0000082D 68 003C0000                     	PUSH	3932160
   828 00000832 E8 [00000000]                   	CALL	_memman_free_4k
   829 00000837 FF 75 08                        	PUSH	DWORD [8+EBP]
   830 0000083A E8 FFFFFB50                     	CALL	_cons_newline
   831 0000083F B8 00000001                     	MOV	EAX,1
   832 00000844                                 L137:
   833 00000844 8D 65 F4                        	LEA	ESP,DWORD [-12+EBP]
   834 00000847 5B                              	POP	EBX
   835 00000848 5E                              	POP	ESI
   836 00000849 5F                              	POP	EDI
   837 0000084A 5D                              	POP	EBP
   838 0000084B C3                              	RET
   839 0000084C                                 L148:
   840 0000084C 80 7C 1D D3 2E                  	CMP	BYTE [-45+EBP+EBX*1],46
   841 00000851 74 2E                           	JE	L144
   842 00000853 68 000000E0                     	PUSH	224
   843 00000858 68 00102600                     	PUSH	1058304
   844 0000085D 57                              	PUSH	EDI
   845 0000085E C6 44 1D D4 2E                  	MOV	BYTE [-44+EBP+EBX*1],46
   846 00000863 C6 44 1D D5 48                  	MOV	BYTE [-43+EBP+EBX*1],72
   847 00000868 C6 44 1D D6 52                  	MOV	BYTE [-42+EBP+EBX*1],82
   848 0000086D C6 44 1D D7 42                  	MOV	BYTE [-41+EBP+EBX*1],66
   849 00000872 C6 44 1D D8 00                  	MOV	BYTE [-40+EBP+EBX*1],0
   850 00000877 E8 [00000000]                   	CALL	_file_search
   851 0000087C 83 C4 0C                        	ADD	ESP,12
   852 0000087F 89 C6                           	MOV	ESI,EAX
   853 00000881                                 L144:
   854 00000881 85 F6                           	TEST	ESI,ESI
   855 00000883 0F 85 FFFFFF57                  	JNE	L147
   856 00000889 31 C0                           	XOR	EAX,EAX
   857 0000088B EB B7                           	JMP	L137
